#
# There is insufficient memory for the Java Runtime Environment to continue.
# Native memory allocation (malloc) failed to allocate 1700176 bytes. Error detail: Chunk::new
# Possible reasons:
#   The system is out of physical RAM or swap space
#   This process is running with CompressedOops enabled, and the Java Heap may be blocking the growth of the native heap
# Possible solutions:
#   Reduce memory load on the system
#   Increase physical memory or swap space
#   Check if swap backing store is full
#   Decrease Java heap size (-Xmx/-Xms)
#   Decrease number of Java threads
#   Decrease Java thread stack sizes (-Xss)
#   Set larger code cache with -XX:ReservedCodeCacheSize=
#   JVM is running with Unscaled Compressed Oops mode in which the Java heap is
#     placed in the first 4GB address space. The Java Heap base address is the
#     maximum limit for the native heap growth. Please use -XX:HeapBaseMinAddress
#     to set the Java Heap base and to place the Java Heap above 4GB virtual address.
# This output file may be truncated or incomplete.
#
#  Out of Memory Error (arena.cpp:168), pid=1452, tid=4132
#
# JRE version: OpenJDK Runtime Environment Temurin-21.0.10+7 (21.0.10+7) (build 21.0.10+7-LTS)
# Java VM: OpenJDK 64-Bit Server VM Temurin-21.0.10+7 (21.0.10+7-LTS, mixed mode, sharing, tiered, compressed oops, compressed class ptrs, parallel gc, windows-amd64)
# No core dump will be written. Minidumps are not enabled by default on client versions of Windows
#

---------------  S U M M A R Y ------------

Command Line: --add-modules=ALL-SYSTEM --add-opens=java.base/java.util=ALL-UNNAMED --add-opens=java.base/java.lang=ALL-UNNAMED --add-opens=java.base/sun.nio.fs=ALL-UNNAMED -Declipse.application=org.eclipse.jdt.ls.core.id1 -Dosgi.bundles.defaultStartLevel=4 -Declipse.product=org.eclipse.jdt.ls.core.product -Djava.import.generatesMetadataFilesAtProjectRoot=false -DDetectVMInstallationsJob.disabled=true -Dfile.encoding=utf8 -XX:+UseParallelGC -XX:GCTimeRatio=4 -XX:AdaptiveSizePolicyWeight=90 -Dsun.zip.disableMemoryMapping=true -Xmx2G -Xms100m -Xlog:disable -javaagent:c:\Users\Sakshi Ladkat\.vscode\extensions\redhat.java-1.54.0-win32-x64\lombok\lombok-1.18.39-4050.jar -XX:+HeapDumpOnOutOfMemoryError -XX:HeapDumpPath=c:\Users\Sakshi Ladkat\AppData\Roaming\Code\User\workspaceStorage\6038008b0a44830878e37d458a5df29a\redhat.java -Daether.dependencyCollector.impl=bf c:\Users\Sakshi Ladkat\.vscode\extensions\redhat.java-1.54.0-win32-x64\server\plugins\org.eclipse.equinox.launcher_1.7.100.v20251111-0406.jar -configuration c:\Users\Sakshi Ladkat\AppData\Roaming\Code\User\globalStorage\redhat.java\1.54.0\config_win -data c:\Users\Sakshi Ladkat\AppData\Roaming\Code\User\workspaceStorage\6038008b0a44830878e37d458a5df29a\redhat.java\jdt_ws --pipe=\\.\pipe\lsp-8d8fccc72ac283f69b294cf4f271f6af-sock

Host: Intel(R) Core(TM) i7-8665U CPU @ 1.90GHz, 8 cores, 15G,  Windows 10 , 64 bit Build 19041 (10.0.19041.5915)
Time: Sat May  9 23:49:38 2026 India Standard Time elapsed time: 1019.224060 seconds (0d 0h 16m 59s)

---------------  T H R E A D  ---------------

Current thread (0x000001daab7aace0):  JavaThread "C2 CompilerThread0" daemon [_thread_in_native, id=4132, stack(0x0000003a48600000,0x0000003a48700000) (1024K)]


Current CompileTask:
C2:1019224 18616   !   4       java.io.ObjectOutputStream::writeObject0 (620 bytes)

Stack: [0x0000003a48600000,0x0000003a48700000]
Native frames: (J=compiled Java code, j=interpreted, Vv=VM code, C=native code)
V  [jvm.dll+0x6d7a39]
V  [jvm.dll+0x8b4b26]
V  [jvm.dll+0x8b70de]
V  [jvm.dll+0x8b77c3]
V  [jvm.dll+0x284346]
V  [jvm.dll+0xc66ed]
V  [jvm.dll+0xc6c31]
V  [jvm.dll+0x3bec3b]
V  [jvm.dll+0x38b162]
V  [jvm.dll+0x38a5aa]
V  [jvm.dll+0x24c560]
V  [jvm.dll+0x24bb40]
V  [jvm.dll+0x1cb34e]
V  [jvm.dll+0x25b85d]
V  [jvm.dll+0x259dea]
V  [jvm.dll+0x3f857e]
V  [jvm.dll+0x85f59d]
V  [jvm.dll+0x6d626d]
C  [ucrtbase.dll+0x21bb2]
C  [KERNEL32.DLL+0x17374]
C  [ntdll.dll+0x4cc91]


---------------  P R O C E S S  ---------------

Threads class SMR info:
_java_thread_list=0x000001daf37e2050, length=36, elements={
0x000001da92a38110, 0x000001daab79dd30, 0x000001daab79f180, 0x000001daab7a2bf0,
0x000001daab7a3c00, 0x000001daab7a5210, 0x000001daab7a7890, 0x000001daab7aace0,
0x000001daee13cb70, 0x000001daee2e41b0, 0x000001daee3ec630, 0x000001daeecec590,
0x000001daee9d8310, 0x000001daf3083660, 0x000001daf3099c20, 0x000001daf34b5ef0,
0x000001daf37f9840, 0x000001daee5d0350, 0x000001daf348d410, 0x000001daf348c6f0,
0x000001daf348c060, 0x000001daf348cd80, 0x000001daf5b79e40, 0x000001daf5b7c5a0,
0x000001daf5b79120, 0x000001daf5b77d70, 0x000001daf5b7b880, 0x000001daf5b78400,
0x000001daf5b78a90, 0x000001daf5b75610, 0x000001daf5b7b1f0, 0x000001daf5b7cc30,
0x000001dafbbd6440, 0x000001dafbbcf4b0, 0x000001dafbbd6ad0, 0x000001dafbbd1c10
}

Java Threads: ( => current thread )
  0x000001da92a38110 JavaThread "main"                              [_thread_blocked, id=21440, stack(0x0000003a47b00000,0x0000003a47c00000) (1024K)]
  0x000001daab79dd30 JavaThread "Reference Handler"          daemon [_thread_blocked, id=18056, stack(0x0000003a48000000,0x0000003a48100000) (1024K)]
  0x000001daab79f180 JavaThread "Finalizer"                  daemon [_thread_blocked, id=21896, stack(0x0000003a48100000,0x0000003a48200000) (1024K)]
  0x000001daab7a2bf0 JavaThread "Signal Dispatcher"          daemon [_thread_blocked, id=16296, stack(0x0000003a48200000,0x0000003a48300000) (1024K)]
  0x000001daab7a3c00 JavaThread "Attach Listener"            daemon [_thread_blocked, id=23136, stack(0x0000003a48300000,0x0000003a48400000) (1024K)]
  0x000001daab7a5210 JavaThread "Service Thread"             daemon [_thread_blocked, id=17948, stack(0x0000003a48400000,0x0000003a48500000) (1024K)]
  0x000001daab7a7890 JavaThread "Monitor Deflation Thread"   daemon [_thread_blocked, id=24496, stack(0x0000003a48500000,0x0000003a48600000) (1024K)]
=>0x000001daab7aace0 JavaThread "C2 CompilerThread0"         daemon [_thread_in_native, id=4132, stack(0x0000003a48600000,0x0000003a48700000) (1024K)]
  0x000001daee13cb70 JavaThread "C1 CompilerThread0"         daemon [_thread_blocked, id=12564, stack(0x0000003a48700000,0x0000003a48800000) (1024K)]
  0x000001daee2e41b0 JavaThread "Common-Cleaner"             daemon [_thread_blocked, id=10340, stack(0x0000003a48800000,0x0000003a48900000) (1024K)]
  0x000001daee3ec630 JavaThread "Notification Thread"        daemon [_thread_blocked, id=2776, stack(0x0000003a48900000,0x0000003a48a00000) (1024K)]
  0x000001daeecec590 JavaThread "Active Thread: Equinox Container: 1260a253-6c4d-42e7-8643-0d49f3a2b7b4"        [_thread_blocked, id=2508, stack(0x0000003a48b00000,0x0000003a48c00000) (1024K)]
  0x000001daee9d8310 JavaThread "Refresh Thread: Equinox Container: 1260a253-6c4d-42e7-8643-0d49f3a2b7b4" daemon [_thread_blocked, id=10072, stack(0x0000003a49300000,0x0000003a49400000) (1024K)]
  0x000001daf3083660 JavaThread "Framework Event Dispatcher: Equinox Container: 1260a253-6c4d-42e7-8643-0d49f3a2b7b4" daemon [_thread_blocked, id=18880, stack(0x0000003a48a00000,0x0000003a48b00000) (1024K)]
  0x000001daf3099c20 JavaThread "Start Level: Equinox Container: 1260a253-6c4d-42e7-8643-0d49f3a2b7b4" daemon [_thread_blocked, id=16056, stack(0x0000003a49400000,0x0000003a49500000) (1024K)]
  0x000001daf34b5ef0 JavaThread "Bundle File Closer"         daemon [_thread_blocked, id=11720, stack(0x0000003a49700000,0x0000003a49800000) (1024K)]
  0x000001daf37f9840 JavaThread "SCR Component Actor"        daemon [_thread_blocked, id=21552, stack(0x0000003a49500000,0x0000003a49600000) (1024K)]
  0x000001daee5d0350 JavaThread "Worker-JM"                         [_thread_blocked, id=16884, stack(0x0000003a49900000,0x0000003a49a00000) (1024K)]
  0x000001daf348d410 JavaThread "JNA Cleaner"                daemon [_thread_blocked, id=22744, stack(0x0000003a49600000,0x0000003a49700000) (1024K)]
  0x000001daf348c6f0 JavaThread "Java indexing"              daemon [_thread_blocked, id=20676, stack(0x0000003a49e00000,0x0000003a49f00000) (1024K)]
  0x000001daf348c060 JavaThread "Thread-1"                   daemon [_thread_in_native, id=12552, stack(0x0000003a4a300000,0x0000003a4a400000) (1024K)]
  0x000001daf348cd80 JavaThread "Thread-2"                   daemon [_thread_in_native, id=25256, stack(0x0000003a4a400000,0x0000003a4a500000) (1024K)]
  0x000001daf5b79e40 JavaThread "Thread-3"                   daemon [_thread_in_native, id=14416, stack(0x0000003a4a500000,0x0000003a4a600000) (1024K)]
  0x000001daf5b7c5a0 JavaThread "Thread-4"                   daemon [_thread_in_native, id=19372, stack(0x0000003a4a600000,0x0000003a4a700000) (1024K)]
  0x000001daf5b79120 JavaThread "Thread-5"                   daemon [_thread_in_native, id=16252, stack(0x0000003a4a700000,0x0000003a4a800000) (1024K)]
  0x000001daf5b77d70 JavaThread "Thread-6"                   daemon [_thread_in_native, id=25116, stack(0x0000003a4a800000,0x0000003a4a900000) (1024K)]
  0x000001daf5b7b880 JavaThread "Thread-7"                   daemon [_thread_in_native, id=17936, stack(0x0000003a4a900000,0x0000003a4aa00000) (1024K)]
  0x000001daf5b78400 JavaThread "Thread-8"                   daemon [_thread_in_native, id=18728, stack(0x0000003a4aa00000,0x0000003a4ab00000) (1024K)]
  0x000001daf5b78a90 JavaThread "Thread-9"                   daemon [_thread_in_native, id=20328, stack(0x0000003a4ab00000,0x0000003a4ac00000) (1024K)]
  0x000001daf5b75610 JavaThread "pool-2-thread-1"                   [_thread_blocked, id=744, stack(0x0000003a4ac00000,0x0000003a4ad00000) (1024K)]
  0x000001daf5b7b1f0 JavaThread "WorkspaceEventsHandler"            [_thread_blocked, id=15292, stack(0x0000003a4ad00000,0x0000003a4ae00000) (1024K)]
  0x000001daf5b7cc30 JavaThread "pool-1-thread-1"                   [_thread_blocked, id=19332, stack(0x0000003a4ae00000,0x0000003a4af00000) (1024K)]
  0x000001dafbbd6440 JavaThread "Worker-15"                         [_thread_blocked, id=23672, stack(0x0000003a47900000,0x0000003a47a00000) (1024K)]
  0x000001dafbbcf4b0 JavaThread "Worker-17"                         [_thread_blocked, id=11636, stack(0x0000003a49800000,0x0000003a49900000) (1024K)]
  0x000001dafbbd6ad0 JavaThread "ForkJoinPool.commonPool-worker-8" daemon [_thread_blocked, id=23540, stack(0x0000003a47a00000,0x0000003a47b00000) (1024K)]
  0x000001dafbbd1c10 JavaThread "ForkJoinPool.commonPool-worker-9" daemon [_thread_blocked, id=24392, stack(0x0000003a49a00000,0x0000003a49b00000) (1024K)]
Total: 36

Other Threads:
  0x000001daab792490 VMThread "VM Thread"                           [id=17864, stack(0x0000003a47e00000,0x0000003a47f00000) (1024K)]
  0x000001da94da0b50 WatcherThread "VM Periodic Task Thread"        [id=14836, stack(0x0000003a47d00000,0x0000003a47e00000) (1024K)]
  0x000001da94d53af0 WorkerThread "GC Thread#0"                     [id=23248, stack(0x0000003a47c00000,0x0000003a47d00000) (1024K)]
  0x000001daeeaf1f20 WorkerThread "GC Thread#1"                     [id=3344, stack(0x0000003a48c00000,0x0000003a48d00000) (1024K)]
  0x000001daeeaf22d0 WorkerThread "GC Thread#2"                     [id=7780, stack(0x0000003a48d00000,0x0000003a48e00000) (1024K)]
  0x000001daeeaf2680 WorkerThread "GC Thread#3"                     [id=12324, stack(0x0000003a48e00000,0x0000003a48f00000) (1024K)]
  0x000001daeeaf2a30 WorkerThread "GC Thread#4"                     [id=17300, stack(0x0000003a48f00000,0x0000003a49000000) (1024K)]
  0x000001daeeaf2de0 WorkerThread "GC Thread#5"                     [id=23636, stack(0x0000003a49000000,0x0000003a49100000) (1024K)]
  0x000001daeeaf3190 WorkerThread "GC Thread#6"                     [id=12916, stack(0x0000003a49100000,0x0000003a49200000) (1024K)]
  0x000001daeecb6530 WorkerThread "GC Thread#7"                     [id=8400, stack(0x0000003a49200000,0x0000003a49300000) (1024K)]
Total: 10

Threads with active compile tasks:
C2 CompilerThread0  1019246 18616   !   4       java.io.ObjectOutputStream::writeObject0 (620 bytes)
Total: 1

VM state: not at safepoint (normal execution)

VM Mutex/Monitor currently owned by a thread: None

Heap address: 0x0000000080000000, size: 2048 MB, Compressed Oops mode: 32-bit

CDS archive(s) mapped at: [0x000001daac000000-0x000001daacba0000-0x000001daacba0000), size 12189696, SharedBaseAddress: 0x000001daac000000, ArchiveRelocationMode: 1.
Compressed class space mapped at: 0x000001daad000000-0x000001daed000000, reserved size: 1073741824
Narrow klass base: 0x000001daac000000, Narrow klass shift: 0, Narrow klass range: 0x100000000

GC Precious Log:
 CardTable entry size: 512
 CPUs: 8 total, 8 available
 Memory: 16198M
 Large Page Support: Disabled
 NUMA Support: Disabled
 Compressed Oops: Enabled (32-bit)
 Alignments: Space 512K, Generation 512K, Heap 2M
 Heap Min Capacity: 100M
 Heap Initial Capacity: 100M
 Heap Max Capacity: 2G
 Pre-touch: Disabled
 Parallel Workers: 8

Heap:
 PSYoungGen      total 5632K, used 4569K [0x00000000d5580000, 0x00000000d5c00000, 0x0000000100000000)
  eden space 4608K, 85% used [0x00000000d5580000,0x00000000d5956458,0x00000000d5a00000)
  from space 1024K, 62% used [0x00000000d5a80000,0x00000000d5b20020,0x00000000d5b80000)
  to   space 512K, 0% used [0x00000000d5b80000,0x00000000d5b80000,0x00000000d5c00000)
 ParOldGen       total 270848K, used 270539K [0x0000000080000000, 0x0000000090880000, 0x00000000d5580000)
  object space 270848K, 99% used [0x0000000080000000,0x0000000090832d38,0x0000000090880000)
 Metaspace       used 78984K, committed 80640K, reserved 1179648K
  class space    used 8105K, committed 8832K, reserved 1048576K

Card table byte_map: [0x000001da946f0000,0x000001da94b00000] _byte_map_base: 0x000001da942f0000

Marking Bits: (ParMarkBitMap*) 0x00007ff9c0713450
 Begin Bits: [0x000001daa71f0000, 0x000001daa91f0000)
 End Bits:   [0x000001daa91f0000, 0x000001daab1f0000)

Polling page: 0x000001da92c30000

Metaspace:

Usage:
  Non-class:     69.22 MB used.
      Class:      7.92 MB used.
       Both:     77.13 MB used.

Virtual space:
  Non-class space:      128.00 MB reserved,      70.12 MB ( 55%) committed,  2 nodes.
      Class space:        1.00 GB reserved,       8.62 MB ( <1%) committed,  1 nodes.
             Both:        1.12 GB reserved,      78.75 MB (  7%) committed. 

Chunk freelists:
   Non-Class:  9.45 MB
       Class:  7.41 MB
        Both:  16.86 MB

MaxMetaspaceSize: unlimited
CompressedClassSpaceSize: 1.00 GB
Initial GC threshold: 21.00 MB
Current GC threshold: 130.75 MB
CDS: on
 - commit_granule_bytes: 65536.
 - commit_granule_words: 8192.
 - virtual_space_node_default_size: 8388608.
 - enlarge_chunks_in_place: 1.
 - use_allocation_guard: 0.


Internal statistics:

num_allocs_failed_limit: 9.
num_arena_births: 1554.
num_arena_deaths: 20.
num_vsnodes_births: 3.
num_vsnodes_deaths: 0.
num_space_committed: 1260.
num_space_uncommitted: 0.
num_chunks_returned_to_freelist: 32.
num_chunks_taken_from_freelist: 5253.
num_chunk_merges: 17.
num_chunk_splits: 3176.
num_chunks_enlarged: 1758.
num_inconsistent_stats: 0.

CodeHeap 'non-profiled nmethods': size=120000Kb used=13362Kb max_used=15935Kb free=106637Kb
 bounds [0x000001da9fa10000, 0x000001daa09a0000, 0x000001daa6f40000]
CodeHeap 'profiled nmethods': size=120000Kb used=31663Kb max_used=38277Kb free=88336Kb
 bounds [0x000001da97f40000, 0x000001da9a4b0000, 0x000001da9f470000]
CodeHeap 'non-nmethods': size=5760Kb used=1495Kb max_used=1609Kb free=4265Kb
 bounds [0x000001da9f470000, 0x000001da9f6e0000, 0x000001da9fa10000]
CodeCache: size=245760Kb, used=46520Kb, max_used=55821Kb, free=199238Kb
 total_blobs=15208, nmethods=14398, adapters=713, full_count=0
Compilation: enabled, stopped_count=0, restarted_count=0

Compilation events (20 events):
Event: 1019.138 Thread 0x000001daab7aace0 18613       4       java.io.ObjectOutputStream$HandleTable::insert (39 bytes)
Event: 1019.139 Thread 0x000001daee13cb70 nmethod 18612 0x000001da99079e90 code [0x000001da9907a080, 0x000001da9907a5c8]
Event: 1019.139 Thread 0x000001daee13cb70 18615       3       java.util.HashSet::writeObject (75 bytes)
Event: 1019.139 Thread 0x000001daee13cb70 nmethod 18615 0x000001da9854f190 code [0x000001da9854f400, 0x000001da9854ff10]
Event: 1019.139 Thread 0x000001daee13cb70 18622       3       java.util.LinkedHashMap::internalWriteEntries (34 bytes)
Event: 1019.140 Thread 0x000001daee13cb70 nmethod 18622 0x000001da98ae9e90 code [0x000001da98aea060, 0x000001da98aea2a0]
Event: 1019.140 Thread 0x000001daee13cb70 18614       3       java.io.ObjectOutputStream::defaultWriteObject (54 bytes)
Event: 1019.140 Thread 0x000001daee13cb70 nmethod 18614 0x000001da9825e090 code [0x000001da9825e2c0, 0x000001da9825e900]
Event: 1019.140 Thread 0x000001daee13cb70 18619       3       java.io.ObjectOutputStream::writeFloat (9 bytes)
Event: 1019.141 Thread 0x000001daee13cb70 nmethod 18619 0x000001da98eca090 code [0x000001da98eca240, 0x000001da98eca380]
Event: 1019.141 Thread 0x000001daee13cb70 18620       3       java.io.ObjectOutputStream$BlockDataOutputStream::writeFloat (46 bytes)
Event: 1019.141 Thread 0x000001daab7aace0 nmethod 18613 0x000001da9fc36b10 code [0x000001da9fc36cc0, 0x000001da9fc36f28]
Event: 1019.141 Thread 0x000001daab7aace0 18616   !   4       java.io.ObjectOutputStream::writeObject0 (620 bytes)
Event: 1019.142 Thread 0x000001daee13cb70 nmethod 18620 0x000001da99e0dc10 code [0x000001da99e0dee0, 0x000001da99e0eee8]
Event: 1019.142 Thread 0x000001daee13cb70 18623       3       java.lang.invoke.LambdaForm$MH/0x000001daad0b5c00::invoke (57 bytes)
Event: 1019.142 Thread 0x000001daee13cb70 nmethod 18623 0x000001da98eebd10 code [0x000001da98eebf20, 0x000001da98eec820]
Event: 1019.143 Thread 0x000001daee13cb70 18618       3       java.util.HashMap::writeObject (28 bytes)
Event: 1019.143 Thread 0x000001daee13cb70 nmethod 18618 0x000001da98d8df90 code [0x000001da98d8e1a0, 0x000001da98d8e788]
Event: 1019.146 Thread 0x000001daee13cb70 18624       3       java.lang.StackTraceElement::length (13 bytes)
Event: 1019.147 Thread 0x000001daee13cb70 nmethod 18624 0x000001da9850b490 code [0x000001da9850b640, 0x000001da9850b890]

GC Heap History (20 events):
Event: 719.323 GC heap before
{Heap before GC invocations=490 (full 5):
 PSYoungGen      total 5632K, used 5152K [0x00000000d5580000, 0x00000000d5c80000, 0x0000000100000000)
  eden space 4608K, 99% used [0x00000000d5580000,0x00000000d59ffff0,0x00000000d5a00000)
  from space 1024K, 53% used [0x00000000d5a00000,0x00000000d5a88020,0x00000000d5b00000)
  to   space 1024K, 0% used [0x00000000d5b80000,0x00000000d5b80000,0x00000000d5c80000)
 ParOldGen       total 268800K, used 267634K [0x0000000080000000, 0x0000000090680000, 0x00000000d5580000)
  object space 268800K, 99% used [0x0000000080000000,0x000000009055c9a0,0x0000000090680000)
 Metaspace       used 78907K, committed 80576K, reserved 1179648K
  class space    used 8102K, committed 8832K, reserved 1048576K
}
Event: 719.325 GC heap after
{Heap after GC invocations=490 (full 5):
 PSYoungGen      total 5120K, used 352K [0x00000000d5580000, 0x00000000d5c00000, 0x0000000100000000)
  eden space 4608K, 0% used [0x00000000d5580000,0x00000000d5580000,0x00000000d5a00000)
  from space 512K, 68% used [0x00000000d5b80000,0x00000000d5bd8000,0x00000000d5c00000)
  to   space 512K, 0% used [0x00000000d5b00000,0x00000000d5b00000,0x00000000d5b80000)
 ParOldGen       total 268800K, used 268063K [0x0000000080000000, 0x0000000090680000, 0x00000000d5580000)
  object space 268800K, 99% used [0x0000000080000000,0x00000000905c7c70,0x0000000090680000)
 Metaspace       used 78907K, committed 80576K, reserved 1179648K
  class space    used 8102K, committed 8832K, reserved 1048576K
}
Event: 1001.114 GC heap before
{Heap before GC invocations=491 (full 5):
 PSYoungGen      total 5120K, used 4959K [0x00000000d5580000, 0x00000000d5c00000, 0x0000000100000000)
  eden space 4608K, 99% used [0x00000000d5580000,0x00000000d59fffe8,0x00000000d5a00000)
  from space 512K, 68% used [0x00000000d5b80000,0x00000000d5bd8000,0x00000000d5c00000)
  to   space 512K, 0% used [0x00000000d5b00000,0x00000000d5b00000,0x00000000d5b80000)
 ParOldGen       total 268800K, used 268063K [0x0000000080000000, 0x0000000090680000, 0x00000000d5580000)
  object space 268800K, 99% used [0x0000000080000000,0x00000000905c7c70,0x0000000090680000)
 Metaspace       used 78911K, committed 80576K, reserved 1179648K
  class space    used 8102K, committed 8832K, reserved 1048576K
}
Event: 1001.116 GC heap after
{Heap after GC invocations=491 (full 5):
 PSYoungGen      total 5120K, used 288K [0x00000000d5580000, 0x00000000d5c00000, 0x0000000100000000)
  eden space 4608K, 0% used [0x00000000d5580000,0x00000000d5580000,0x00000000d5a00000)
  from space 512K, 56% used [0x00000000d5b00000,0x00000000d5b48000,0x00000000d5b80000)
  to   space 512K, 0% used [0x00000000d5b80000,0x00000000d5b80000,0x00000000d5c00000)
 ParOldGen       total 268800K, used 268159K [0x0000000080000000, 0x0000000090680000, 0x00000000d5580000)
  object space 268800K, 99% used [0x0000000080000000,0x00000000905dfc70,0x0000000090680000)
 Metaspace       used 78911K, committed 80576K, reserved 1179648K
  class space    used 8102K, committed 8832K, reserved 1048576K
}
Event: 1001.234 GC heap before
{Heap before GC invocations=492 (full 5):
 PSYoungGen      total 5120K, used 4896K [0x00000000d5580000, 0x00000000d5c00000, 0x0000000100000000)
  eden space 4608K, 100% used [0x00000000d5580000,0x00000000d5a00000,0x00000000d5a00000)
  from space 512K, 56% used [0x00000000d5b00000,0x00000000d5b48000,0x00000000d5b80000)
  to   space 512K, 0% used [0x00000000d5b80000,0x00000000d5b80000,0x00000000d5c00000)
 ParOldGen       total 268800K, used 268159K [0x0000000080000000, 0x0000000090680000, 0x00000000d5580000)
  object space 268800K, 99% used [0x0000000080000000,0x00000000905dfc70,0x0000000090680000)
 Metaspace       used 78920K, committed 80640K, reserved 1179648K
  class space    used 8104K, committed 8832K, reserved 1048576K
}
Event: 1001.235 GC heap after
{Heap after GC invocations=492 (full 5):
 PSYoungGen      total 5120K, used 192K [0x00000000d5580000, 0x00000000d5c00000, 0x0000000100000000)
  eden space 4608K, 0% used [0x00000000d5580000,0x00000000d5580000,0x00000000d5a00000)
  from space 512K, 37% used [0x00000000d5b80000,0x00000000d5bb0000,0x00000000d5c00000)
  to   space 512K, 0% used [0x00000000d5b00000,0x00000000d5b00000,0x00000000d5b80000)
 ParOldGen       total 268800K, used 268215K [0x0000000080000000, 0x0000000090680000, 0x00000000d5580000)
  object space 268800K, 99% used [0x0000000080000000,0x00000000905edc70,0x0000000090680000)
 Metaspace       used 78920K, committed 80640K, reserved 1179648K
  class space    used 8104K, committed 8832K, reserved 1048576K
}
Event: 1001.261 GC heap before
{Heap before GC invocations=493 (full 5):
 PSYoungGen      total 5120K, used 4789K [0x00000000d5580000, 0x00000000d5c00000, 0x0000000100000000)
  eden space 4608K, 99% used [0x00000000d5580000,0x00000000d59fd788,0x00000000d5a00000)
  from space 512K, 37% used [0x00000000d5b80000,0x00000000d5bb0000,0x00000000d5c00000)
  to   space 512K, 0% used [0x00000000d5b00000,0x00000000d5b00000,0x00000000d5b80000)
 ParOldGen       total 268800K, used 268215K [0x0000000080000000, 0x0000000090680000, 0x00000000d5580000)
  object space 268800K, 99% used [0x0000000080000000,0x00000000905edc70,0x0000000090680000)
 Metaspace       used 78921K, committed 80640K, reserved 1179648K
  class space    used 8104K, committed 8832K, reserved 1048576K
}
Event: 1001.262 GC heap after
{Heap after GC invocations=493 (full 5):
 PSYoungGen      total 5120K, used 416K [0x00000000d5580000, 0x00000000d5c00000, 0x0000000100000000)
  eden space 4608K, 0% used [0x00000000d5580000,0x00000000d5580000,0x00000000d5a00000)
  from space 512K, 81% used [0x00000000d5b00000,0x00000000d5b68020,0x00000000d5b80000)
  to   space 512K, 0% used [0x00000000d5b80000,0x00000000d5b80000,0x00000000d5c00000)
 ParOldGen       total 268800K, used 268295K [0x0000000080000000, 0x0000000090680000, 0x00000000d5580000)
  object space 268800K, 99% used [0x0000000080000000,0x0000000090601c70,0x0000000090680000)
 Metaspace       used 78921K, committed 80640K, reserved 1179648K
  class space    used 8104K, committed 8832K, reserved 1048576K
}
Event: 1001.361 GC heap before
{Heap before GC invocations=494 (full 5):
 PSYoungGen      total 5120K, used 5024K [0x00000000d5580000, 0x00000000d5c00000, 0x0000000100000000)
  eden space 4608K, 99% used [0x00000000d5580000,0x00000000d59ffff8,0x00000000d5a00000)
  from space 512K, 81% used [0x00000000d5b00000,0x00000000d5b68020,0x00000000d5b80000)
  to   space 512K, 0% used [0x00000000d5b80000,0x00000000d5b80000,0x00000000d5c00000)
 ParOldGen       total 268800K, used 268295K [0x0000000080000000, 0x0000000090680000, 0x00000000d5580000)
  object space 268800K, 99% used [0x0000000080000000,0x0000000090601c70,0x0000000090680000)
 Metaspace       used 78921K, committed 80640K, reserved 1179648K
  class space    used 8104K, committed 8832K, reserved 1048576K
}
Event: 1001.362 GC heap after
{Heap after GC invocations=494 (full 5):
 PSYoungGen      total 5120K, used 128K [0x00000000d5580000, 0x00000000d5c00000, 0x0000000100000000)
  eden space 4608K, 0% used [0x00000000d5580000,0x00000000d5580000,0x00000000d5a00000)
  from space 512K, 25% used [0x00000000d5b80000,0x00000000d5ba0000,0x00000000d5c00000)
  to   space 512K, 0% used [0x00000000d5b00000,0x00000000d5b00000,0x00000000d5b80000)
 ParOldGen       total 268800K, used 268527K [0x0000000080000000, 0x0000000090680000, 0x00000000d5580000)
  object space 268800K, 99% used [0x0000000080000000,0x000000009063bca0,0x0000000090680000)
 Metaspace       used 78921K, committed 80640K, reserved 1179648K
  class space    used 8104K, committed 8832K, reserved 1048576K
}
Event: 1003.199 GC heap before
{Heap before GC invocations=495 (full 5):
 PSYoungGen      total 5120K, used 4735K [0x00000000d5580000, 0x00000000d5c00000, 0x0000000100000000)
  eden space 4608K, 99% used [0x00000000d5580000,0x00000000d59fffd8,0x00000000d5a00000)
  from space 512K, 25% used [0x00000000d5b80000,0x00000000d5ba0000,0x00000000d5c00000)
  to   space 512K, 0% used [0x00000000d5b00000,0x00000000d5b00000,0x00000000d5b80000)
 ParOldGen       total 268800K, used 268527K [0x0000000080000000, 0x0000000090680000, 0x00000000d5580000)
  object space 268800K, 99% used [0x0000000080000000,0x000000009063bca0,0x0000000090680000)
 Metaspace       used 78934K, committed 80640K, reserved 1179648K
  class space    used 8104K, committed 8832K, reserved 1048576K
}
Event: 1003.200 GC heap after
{Heap after GC invocations=495 (full 5):
 PSYoungGen      total 5120K, used 500K [0x00000000d5580000, 0x00000000d5c00000, 0x0000000100000000)
  eden space 4608K, 0% used [0x00000000d5580000,0x00000000d5580000,0x00000000d5a00000)
  from space 512K, 97% used [0x00000000d5b00000,0x00000000d5b7d220,0x00000000d5b80000)
  to   space 512K, 0% used [0x00000000d5b80000,0x00000000d5b80000,0x00000000d5c00000)
 ParOldGen       total 268800K, used 268567K [0x0000000080000000, 0x0000000090680000, 0x00000000d5580000)
  object space 268800K, 99% used [0x0000000080000000,0x0000000090645ca0,0x0000000090680000)
 Metaspace       used 78934K, committed 80640K, reserved 1179648K
  class space    used 8104K, committed 8832K, reserved 1048576K
}
Event: 1003.207 GC heap before
{Heap before GC invocations=496 (full 5):
 PSYoungGen      total 5120K, used 5108K [0x00000000d5580000, 0x00000000d5c00000, 0x0000000100000000)
  eden space 4608K, 100% used [0x00000000d5580000,0x00000000d5a00000,0x00000000d5a00000)
  from space 512K, 97% used [0x00000000d5b00000,0x00000000d5b7d220,0x00000000d5b80000)
  to   space 512K, 0% used [0x00000000d5b80000,0x00000000d5b80000,0x00000000d5c00000)
 ParOldGen       total 268800K, used 268567K [0x0000000080000000, 0x0000000090680000, 0x00000000d5580000)
  object space 268800K, 99% used [0x0000000080000000,0x0000000090645ca0,0x0000000090680000)
 Metaspace       used 78935K, committed 80640K, reserved 1179648K
  class space    used 8104K, committed 8832K, reserved 1048576K
}
Event: 1003.207 GC heap after
{Heap after GC invocations=496 (full 5):
 PSYoungGen      total 5120K, used 432K [0x00000000d5580000, 0x00000000d5c00000, 0x0000000100000000)
  eden space 4608K, 0% used [0x00000000d5580000,0x00000000d5580000,0x00000000d5a00000)
  from space 512K, 84% used [0x00000000d5b80000,0x00000000d5bec010,0x00000000d5c00000)
  to   space 512K, 0% used [0x00000000d5b00000,0x00000000d5b00000,0x00000000d5b80000)
 ParOldGen       total 269312K, used 268867K [0x0000000080000000, 0x0000000090700000, 0x00000000d5580000)
  object space 269312K, 99% used [0x0000000080000000,0x0000000090690ed0,0x0000000090700000)
 Metaspace       used 78935K, committed 80640K, reserved 1179648K
  class space    used 8104K, committed 8832K, reserved 1048576K
}
Event: 1003.220 GC heap before
{Heap before GC invocations=497 (full 5):
 PSYoungGen      total 5120K, used 5040K [0x00000000d5580000, 0x00000000d5c00000, 0x0000000100000000)
  eden space 4608K, 100% used [0x00000000d5580000,0x00000000d5a00000,0x00000000d5a00000)
  from space 512K, 84% used [0x00000000d5b80000,0x00000000d5bec010,0x00000000d5c00000)
  to   space 512K, 0% used [0x00000000d5b00000,0x00000000d5b00000,0x00000000d5b80000)
 ParOldGen       total 269312K, used 268867K [0x0000000080000000, 0x0000000090700000, 0x00000000d5580000)
  object space 269312K, 99% used [0x0000000080000000,0x0000000090690ed0,0x0000000090700000)
 Metaspace       used 78935K, committed 80640K, reserved 1179648K
  class space    used 8104K, committed 8832K, reserved 1048576K
}
Event: 1003.221 GC heap after
{Heap after GC invocations=497 (full 5):
 PSYoungGen      total 5120K, used 491K [0x00000000d5580000, 0x00000000d5d00000, 0x0000000100000000)
  eden space 4608K, 0% used [0x00000000d5580000,0x00000000d5580000,0x00000000d5a00000)
  from space 512K, 96% used [0x00000000d5b00000,0x00000000d5b7afa8,0x00000000d5b80000)
  to   space 1536K, 0% used [0x00000000d5b80000,0x00000000d5b80000,0x00000000d5d00000)
 ParOldGen       total 269824K, used 269523K [0x0000000080000000, 0x0000000090780000, 0x00000000d5580000)
  object space 269824K, 99% used [0x0000000080000000,0x0000000090734f00,0x0000000090780000)
 Metaspace       used 78935K, committed 80640K, reserved 1179648K
  class space    used 8104K, committed 8832K, reserved 1048576K
}
Event: 1003.246 GC heap before
{Heap before GC invocations=498 (full 5):
 PSYoungGen      total 5120K, used 5099K [0x00000000d5580000, 0x00000000d5d00000, 0x0000000100000000)
  eden space 4608K, 100% used [0x00000000d5580000,0x00000000d5a00000,0x00000000d5a00000)
  from space 512K, 96% used [0x00000000d5b00000,0x00000000d5b7afa8,0x00000000d5b80000)
  to   space 1536K, 0% used [0x00000000d5b80000,0x00000000d5b80000,0x00000000d5d00000)
 ParOldGen       total 269824K, used 269523K [0x0000000080000000, 0x0000000090780000, 0x00000000d5580000)
  object space 269824K, 99% used [0x0000000080000000,0x0000000090734f00,0x0000000090780000)
 Metaspace       used 78947K, committed 80640K, reserved 1179648K
  class space    used 8104K, committed 8832K, reserved 1048576K
}
Event: 1003.248 GC heap after
{Heap after GC invocations=498 (full 5):
 PSYoungGen      total 5632K, used 676K [0x00000000d5580000, 0x00000000d5c80000, 0x0000000100000000)
  eden space 4608K, 0% used [0x00000000d5580000,0x00000000d5580000,0x00000000d5a00000)
  from space 1024K, 66% used [0x00000000d5b80000,0x00000000d5c29210,0x00000000d5c80000)
  to   space 1024K, 0% used [0x00000000d5a80000,0x00000000d5a80000,0x00000000d5b80000)
 ParOldGen       total 270336K, used 270032K [0x0000000080000000, 0x0000000090800000, 0x00000000d5580000)
  object space 270336K, 99% used [0x0000000080000000,0x00000000907b40a8,0x0000000090800000)
 Metaspace       used 78947K, committed 80640K, reserved 1179648K
  class space    used 8104K, committed 8832K, reserved 1048576K
}
Event: 1003.259 GC heap before
{Heap before GC invocations=499 (full 5):
 PSYoungGen      total 5632K, used 5284K [0x00000000d5580000, 0x00000000d5c80000, 0x0000000100000000)
  eden space 4608K, 100% used [0x00000000d5580000,0x00000000d5a00000,0x00000000d5a00000)
  from space 1024K, 66% used [0x00000000d5b80000,0x00000000d5c29210,0x00000000d5c80000)
  to   space 1024K, 0% used [0x00000000d5a80000,0x00000000d5a80000,0x00000000d5b80000)
 ParOldGen       total 270336K, used 270032K [0x0000000080000000, 0x0000000090800000, 0x00000000d5580000)
  object space 270336K, 99% used [0x0000000080000000,0x00000000907b40a8,0x0000000090800000)
 Metaspace       used 78952K, committed 80640K, reserved 1179648K
  class space    used 8105K, committed 8832K, reserved 1048576K
}
Event: 1003.260 GC heap after
{Heap after GC invocations=499 (full 5):
 PSYoungGen      total 5632K, used 640K [0x00000000d5580000, 0x00000000d5c00000, 0x0000000100000000)
  eden space 4608K, 0% used [0x00000000d5580000,0x00000000d5580000,0x00000000d5a00000)
  from space 1024K, 62% used [0x00000000d5a80000,0x00000000d5b20020,0x00000000d5b80000)
  to   space 512K, 0% used [0x00000000d5b80000,0x00000000d5b80000,0x00000000d5c00000)
 ParOldGen       total 270848K, used 270539K [0x0000000080000000, 0x0000000090880000, 0x00000000d5580000)
  object space 270848K, 99% used [0x0000000080000000,0x0000000090832d38,0x0000000090880000)
 Metaspace       used 78952K, committed 80640K, reserved 1179648K
  class space    used 8105K, committed 8832K, reserved 1048576K
}

Dll operation events (12 events):
Event: 0.017 Loaded shared library c:\Users\Sakshi Ladkat\.vscode\extensions\redhat.java-1.54.0-win32-x64\jre\21.0.10-win32-x86_64\bin\java.dll
Event: 0.311 Loaded shared library c:\Users\Sakshi Ladkat\.vscode\extensions\redhat.java-1.54.0-win32-x64\jre\21.0.10-win32-x86_64\bin\zip.dll
Event: 0.379 Loaded shared library C:\Users\Sakshi Ladkat\.vscode\extensions\redhat.java-1.54.0-win32-x64\jre\21.0.10-win32-x86_64\bin\instrument.dll
Event: 0.387 Loaded shared library C:\Users\Sakshi Ladkat\.vscode\extensions\redhat.java-1.54.0-win32-x64\jre\21.0.10-win32-x86_64\bin\net.dll
Event: 0.401 Loaded shared library C:\Users\Sakshi Ladkat\.vscode\extensions\redhat.java-1.54.0-win32-x64\jre\21.0.10-win32-x86_64\bin\nio.dll
Event: 0.406 Loaded shared library C:\Users\Sakshi Ladkat\.vscode\extensions\redhat.java-1.54.0-win32-x64\jre\21.0.10-win32-x86_64\bin\zip.dll
Event: 0.436 Loaded shared library C:\Users\Sakshi Ladkat\.vscode\extensions\redhat.java-1.54.0-win32-x64\jre\21.0.10-win32-x86_64\bin\jimage.dll
Event: 0.670 Loaded shared library c:\Users\Sakshi Ladkat\.vscode\extensions\redhat.java-1.54.0-win32-x64\jre\21.0.10-win32-x86_64\bin\verify.dll
Event: 3.463 Loaded shared library C:\Users\Sakshi Ladkat\AppData\Roaming\Code\User\globalStorage\redhat.java\1.54.0\config_win\org.eclipse.equinox.launcher\org.eclipse.equinox.launcher.win32.win32.x86_64_1.3.0.v20260203-2149\eclipse_11919.dll
Event: 7.981 Loaded shared library C:\Users\Sakshi Ladkat\AppData\Local\Temp\jna-847609464\jna8781510684246227324.dll
Event: 31.784 Loaded shared library C:\Users\Sakshi Ladkat\.vscode\extensions\redhat.java-1.54.0-win32-x64\jre\21.0.10-win32-x86_64\bin\sunmscapi.dll
Event: 132.541 Loaded shared library C:\Users\Sakshi Ladkat\.vscode\extensions\redhat.java-1.54.0-win32-x64\jre\21.0.10-win32-x86_64\bin\extnet.dll

Deoptimization events (20 events):
Event: 683.888 Thread 0x000001dafbbd5db0 DEOPT PACKING pc=0x000001daa010b048 sp=0x0000003a49ffea20
Event: 683.888 Thread 0x000001dafbbd5db0 DEOPT UNPACKING pc=0x000001da9f4c3aa2 sp=0x0000003a49ffe9c8 mode 2
Event: 1001.105 Thread 0x000001daf5b7cc30 Uncommon trap: trap_request=0xffffff45 fr.pc=0x000001daa0599f7c relative=0x00000000000004fc
Event: 1001.105 Thread 0x000001daf5b7cc30 Uncommon trap: reason=unstable_if action=reinterpret pc=0x000001daa0599f7c method=java.util.HashMap.removeNode(ILjava/lang/Object;Ljava/lang/Object;ZZ)Ljava/util/HashMap$Node; @ 211 c2
Event: 1001.105 Thread 0x000001daf5b7cc30 DEOPT PACKING pc=0x000001daa0599f7c sp=0x0000003a4aefdd20
Event: 1001.105 Thread 0x000001daf5b7cc30 DEOPT UNPACKING pc=0x000001da9f4c3aa2 sp=0x0000003a4aefdc20 mode 2
Event: 1001.105 Thread 0x000001daf5b7cc30 Uncommon trap: trap_request=0xffffff45 fr.pc=0x000001daa014b260 relative=0x00000000000002a0
Event: 1001.105 Thread 0x000001daf5b7cc30 Uncommon trap: reason=unstable_if action=reinterpret pc=0x000001daa014b260 method=java.util.HashMap.getNode(Ljava/lang/Object;)Ljava/util/HashMap$Node; @ 85 c2
Event: 1001.105 Thread 0x000001daf5b7cc30 DEOPT PACKING pc=0x000001daa014b260 sp=0x0000003a4aefddb0
Event: 1001.105 Thread 0x000001daf5b7cc30 DEOPT UNPACKING pc=0x000001da9f4c3aa2 sp=0x0000003a4aefdcb0 mode 2
Event: 1001.105 Thread 0x000001daf5b7cc30 Uncommon trap: trap_request=0xffffff45 fr.pc=0x000001daa014ab68 relative=0x00000000000002a8
Event: 1001.105 Thread 0x000001daf5b7cc30 Uncommon trap: reason=unstable_if action=reinterpret pc=0x000001daa014ab68 method=java.util.HashMap.getNode(Ljava/lang/Object;)Ljava/util/HashMap$Node; @ 85 c2
Event: 1001.105 Thread 0x000001daf5b7cc30 DEOPT PACKING pc=0x000001daa014ab68 sp=0x0000003a4aefdd30
Event: 1001.105 Thread 0x000001daf5b7cc30 DEOPT UNPACKING pc=0x000001da9f4c3aa2 sp=0x0000003a4aefdcb0 mode 2
Event: 1003.238 Thread 0x000001dafbbcf4b0 DEOPT PACKING pc=0x000001da97f956d1 sp=0x0000003a498fe9c0
Event: 1003.238 Thread 0x000001dafbbcf4b0 DEOPT UNPACKING pc=0x000001da9f4c4242 sp=0x0000003a498fde60 mode 0
Event: 1003.275 Thread 0x000001dafbbcf4b0 Uncommon trap: trap_request=0xffffff6e fr.pc=0x000001da9fb057ac relative=0x000000000000026c
Event: 1003.275 Thread 0x000001dafbbcf4b0 Uncommon trap: reason=loop_limit_check action=maybe_recompile pc=0x000001da9fb057ac method=org.eclipse.jdt.internal.compiler.codegen.CodeStream.retrieveLocalType(II)Lorg/eclipse/jdt/internal/compiler/lookup/TypeBinding; @ 129 c2
Event: 1003.275 Thread 0x000001dafbbcf4b0 DEOPT PACKING pc=0x000001da9fb057ac sp=0x0000003a498fe670
Event: 1003.275 Thread 0x000001dafbbcf4b0 DEOPT UNPACKING pc=0x000001da9f4c3aa2 sp=0x0000003a498fe5c0 mode 2

Classes loaded (20 events):
Event: 346.600 Loading class java/util/stream/Nodes$AbstractConcNode done
Event: 346.600 Loading class java/util/stream/Nodes$ConcNode done
Event: 346.608 Loading class java/util/stream/Nodes$ToArrayTask$OfRef
Event: 346.608 Loading class java/util/stream/Nodes$ToArrayTask
Event: 346.608 Loading class java/util/stream/Nodes$ToArrayTask done
Event: 346.608 Loading class java/util/stream/Nodes$ToArrayTask$OfRef done
Event: 346.609 Loading class java/io/ObjectOutputStream$BlockDataOutputStream
Event: 346.610 Loading class java/io/ObjectOutputStream$BlockDataOutputStream done
Event: 346.610 Loading class java/io/ObjectOutputStream$HandleTable
Event: 346.610 Loading class java/io/ObjectOutputStream$HandleTable done
Event: 346.610 Loading class java/io/ObjectOutputStream$ReplaceTable
Event: 346.610 Loading class java/io/ObjectOutputStream$ReplaceTable done
Event: 346.645 Loading class java/nio/charset/MalformedInputException
Event: 346.645 Loading class java/nio/charset/MalformedInputException done
Event: 346.647 Loading class java/lang/Throwable$WrappedPrintWriter
Event: 346.647 Loading class java/lang/Throwable$PrintStreamOrWriter
Event: 346.647 Loading class java/lang/Throwable$PrintStreamOrWriter done
Event: 346.647 Loading class java/lang/Throwable$WrappedPrintWriter done
Event: 384.203 Loading class jdk/internal/module/IllegalAccessLogger
Event: 384.203 Loading class jdk/internal/module/IllegalAccessLogger done

Classes unloaded (10 events):
Event: 9.291 Thread 0x000001daab792490 Unloading class 0x000001daad1a4800 'java/lang/invoke/LambdaForm$MH+0x000001daad1a4800'
Event: 9.291 Thread 0x000001daab792490 Unloading class 0x000001daad1a4400 'java/lang/invoke/LambdaForm$MH+0x000001daad1a4400'
Event: 9.291 Thread 0x000001daab792490 Unloading class 0x000001daad1a4000 'java/lang/invoke/LambdaForm$MH+0x000001daad1a4000'
Event: 9.291 Thread 0x000001daab792490 Unloading class 0x000001daad1a3c00 'java/lang/invoke/LambdaForm$MH+0x000001daad1a3c00'
Event: 9.291 Thread 0x000001daab792490 Unloading class 0x000001daad1a3800 'java/lang/invoke/LambdaForm$BMH+0x000001daad1a3800'
Event: 9.291 Thread 0x000001daab792490 Unloading class 0x000001daad1a3400 'java/lang/invoke/LambdaForm$DMH+0x000001daad1a3400'
Event: 9.291 Thread 0x000001daab792490 Unloading class 0x000001daad1a2000 'java/lang/invoke/LambdaForm$DMH+0x000001daad1a2000'
Event: 132.657 Thread 0x000001daab792490 Unloading class 0x000001daad6d2000 'java/lang/invoke/LambdaForm$DMH+0x000001daad6d2000'
Event: 132.657 Thread 0x000001daab792490 Unloading class 0x000001daad6d1c00 'java/lang/invoke/LambdaForm$DMH+0x000001daad6d1c00'
Event: 132.657 Thread 0x000001daab792490 Unloading class 0x000001daad6d1800 'java/lang/invoke/LambdaForm$DMH+0x000001daad6d1800'

Classes redefined (0 events):
No events

Internal exceptions (20 events):
Event: 665.845 Thread 0x000001daf5b7bf10 Implicit null exception at 0x000001da99b94a9b to 0x000001da99b98323
Event: 665.845 Thread 0x000001daf5b7bf10 Exception <a 'java/lang/NullPointerException'{0x00000000d58f2ee8}> (0x00000000d58f2ee8) 
thrown [s\src\hotspot\share\runtime\sharedRuntime.cpp, line 625]
Event: 665.845 Thread 0x000001daf5b7bf10 Implicit null exception at 0x000001da99b94a9b to 0x000001da99b98323
Event: 665.846 Thread 0x000001daf5b7bf10 Exception <a 'java/lang/NullPointerException'{0x00000000d58f41e0}> (0x00000000d58f41e0) 
thrown [s\src\hotspot\share\runtime\sharedRuntime.cpp, line 625]
Event: 665.846 Thread 0x000001daf5b7bf10 Implicit null exception at 0x000001da99b94a9b to 0x000001da99b98323
Event: 665.846 Thread 0x000001daf5b7bf10 Exception <a 'java/lang/NullPointerException'{0x00000000d58f4de8}> (0x00000000d58f4de8) 
thrown [s\src\hotspot\share\runtime\sharedRuntime.cpp, line 625]
Event: 665.846 Thread 0x000001daf5b7bf10 Implicit null exception at 0x000001da99b94a9b to 0x000001da99b98323
Event: 665.846 Thread 0x000001daf5b7bf10 Exception <a 'java/lang/NullPointerException'{0x00000000d58f5a58}> (0x00000000d58f5a58) 
thrown [s\src\hotspot\share\runtime\sharedRuntime.cpp, line 625]
Event: 683.875 Thread 0x000001dafbbd5db0 Exception <a 'sun/nio/fs/WindowsException'{0x00000000d5672d48}> (0x00000000d5672d48) 
thrown [s\src\hotspot\share\prims\jni.cpp, line 520]
Event: 683.875 Thread 0x000001dafbbd5db0 Exception <a 'sun/nio/fs/WindowsException'{0x00000000d5673af8}> (0x00000000d5673af8) 
thrown [s\src\hotspot\share\prims\jni.cpp, line 520]
Event: 1001.239 Thread 0x000001dafbbd6ad0 Exception <a 'sun/nio/fs/WindowsException'{0x00000000d55b0310}> (0x00000000d55b0310) 
thrown [s\src\hotspot\share\prims\jni.cpp, line 520]
Event: 1001.239 Thread 0x000001dafbbd6ad0 Exception <a 'sun/nio/fs/WindowsException'{0x00000000d55b0d80}> (0x00000000d55b0d80) 
thrown [s\src\hotspot\share\prims\jni.cpp, line 520]
Event: 1001.239 Thread 0x000001dafbbd6ad0 Exception <a 'sun/nio/fs/WindowsException'{0x00000000d55b2608}> (0x00000000d55b2608) 
thrown [s\src\hotspot\share\prims\jni.cpp, line 520]
Event: 1001.239 Thread 0x000001dafbbd6ad0 Exception <a 'sun/nio/fs/WindowsException'{0x00000000d55b3148}> (0x00000000d55b3148) 
thrown [s\src\hotspot\share\prims\jni.cpp, line 520]
Event: 1001.240 Thread 0x000001dafbbd6ad0 Exception <a 'sun/nio/fs/WindowsException'{0x00000000d55b52e8}> (0x00000000d55b52e8) 
thrown [s\src\hotspot\share\prims\jni.cpp, line 520]
Event: 1001.240 Thread 0x000001dafbbd6ad0 Exception <a 'sun/nio/fs/WindowsException'{0x00000000d55b60b0}> (0x00000000d55b60b0) 
thrown [s\src\hotspot\share\prims\jni.cpp, line 520]
Event: 1001.243 Thread 0x000001dafbbd6ad0 Exception <a 'sun/nio/fs/WindowsException'{0x00000000d55db578}> (0x00000000d55db578) 
thrown [s\src\hotspot\share\prims\jni.cpp, line 520]
Event: 1001.243 Thread 0x000001dafbbd6ad0 Exception <a 'sun/nio/fs/WindowsException'{0x00000000d55dc348}> (0x00000000d55dc348) 
thrown [s\src\hotspot\share\prims\jni.cpp, line 520]
Event: 1019.131 Thread 0x000001dafbbd6440 Exception <a 'sun/nio/fs/WindowsException'{0x00000000d58bb130}> (0x00000000d58bb130) 
thrown [s\src\hotspot\share\prims\jni.cpp, line 520]
Event: 1019.131 Thread 0x000001dafbbd6440 Exception <a 'sun/nio/fs/WindowsException'{0x00000000d58bbc90}> (0x00000000d58bbc90) 
thrown [s\src\hotspot\share\prims\jni.cpp, line 520]

ZGC Phase Switch (0 events):
No events

VM Operations (20 events):
Event: 1001.233 Executing safepoint VM operation: ParallelGCFailedAllocation (Allocation Failure)
Event: 1001.235 Executing safepoint VM operation: ParallelGCFailedAllocation (Allocation Failure) done
Event: 1001.261 Executing safepoint VM operation: ParallelGCFailedAllocation (Allocation Failure)
Event: 1001.262 Executing safepoint VM operation: ParallelGCFailedAllocation (Allocation Failure) done
Event: 1001.361 Executing safepoint VM operation: ParallelGCFailedAllocation (Allocation Failure)
Event: 1001.362 Executing safepoint VM operation: ParallelGCFailedAllocation (Allocation Failure) done
Event: 1002.370 Executing safepoint VM operation: Cleanup
Event: 1002.370 Executing safepoint VM operation: Cleanup done
Event: 1003.199 Executing safepoint VM operation: ParallelGCFailedAllocation (Allocation Failure)
Event: 1003.200 Executing safepoint VM operation: ParallelGCFailedAllocation (Allocation Failure) done
Event: 1003.207 Executing safepoint VM operation: ParallelGCFailedAllocation (Allocation Failure)
Event: 1003.207 Executing safepoint VM operation: ParallelGCFailedAllocation (Allocation Failure) done
Event: 1003.220 Executing safepoint VM operation: ParallelGCFailedAllocation (Allocation Failure)
Event: 1003.221 Executing safepoint VM operation: ParallelGCFailedAllocation (Allocation Failure) done
Event: 1003.246 Executing safepoint VM operation: ParallelGCFailedAllocation (Allocation Failure)
Event: 1003.248 Executing safepoint VM operation: ParallelGCFailedAllocation (Allocation Failure) done
Event: 1003.259 Executing safepoint VM operation: ParallelGCFailedAllocation (Allocation Failure)
Event: 1003.260 Executing safepoint VM operation: ParallelGCFailedAllocation (Allocation Failure) done
Event: 1005.261 Executing safepoint VM operation: Cleanup
Event: 1005.261 Executing safepoint VM operation: Cleanup done

Memory protections (0 events):
No events

Nmethod flushes (20 events):
Event: 384.064 Thread 0x000001daab792490 flushing  nmethod 0x000001da9a158490
Event: 384.064 Thread 0x000001daab792490 flushing  nmethod 0x000001da9a172d10
Event: 384.064 Thread 0x000001daab792490 flushing  nmethod 0x000001da9a174b90
Event: 384.064 Thread 0x000001daab792490 flushing  nmethod 0x000001da9a18a310
Event: 384.064 Thread 0x000001daab792490 flushing  nmethod 0x000001da9a1c5a90
Event: 384.064 Thread 0x000001daab792490 flushing  nmethod 0x000001da9a1d8010
Event: 384.064 Thread 0x000001daab792490 flushing  nmethod 0x000001da9a1e2110
Event: 384.064 Thread 0x000001daab792490 flushing  nmethod 0x000001da9a1e5910
Event: 384.064 Thread 0x000001daab792490 flushing  nmethod 0x000001da9a1f6410
Event: 384.064 Thread 0x000001daab792490 flushing  nmethod 0x000001da9a1fbc90
Event: 384.064 Thread 0x000001daab792490 flushing  nmethod 0x000001da9a209690
Event: 384.064 Thread 0x000001daab792490 flushing  nmethod 0x000001da9a263090
Event: 384.064 Thread 0x000001daab792490 flushing  nmethod 0x000001da9a271490
Event: 384.064 Thread 0x000001daab792490 flushing  nmethod 0x000001da9a295f10
Event: 384.064 Thread 0x000001daab792490 flushing  nmethod 0x000001da9a2b0d10
Event: 384.064 Thread 0x000001daab792490 flushing  nmethod 0x000001da9a2dd110
Event: 384.064 Thread 0x000001daab792490 flushing  nmethod 0x000001da9a2dd510
Event: 384.064 Thread 0x000001daab792490 flushing  nmethod 0x000001da9a2eb390
Event: 384.064 Thread 0x000001daab792490 flushing  nmethod 0x000001da9a36c690
Event: 384.064 Thread 0x000001daab792490 flushing  nmethod 0x000001da9a370910

Events (20 events):
Event: 779.387 Thread 0x000001dafbbd4a00 Thread exited: 0x000001dafbbd4a00
Event: 782.771 Thread 0x000001daf5b7bf10 Thread exited: 0x000001daf5b7bf10
Event: 839.385 Thread 0x000001dafbbd22a0 Thread exited: 0x000001dafbbd22a0
Event: 842.783 Thread 0x000001daf5b75ca0 Thread exited: 0x000001daf5b75ca0
Event: 1001.130 Thread 0x000001daf5b7cc30 Thread added: 0x000001dafbbd6ad0
Event: 1001.304 Thread 0x000001daab7aace0 Thread added: 0x000001daf3c710d0
Event: 1001.378 Thread 0x000001daf5b7cc30 Thread added: 0x000001dafbbd1c10
Event: 1001.643 Thread 0x000001daf3c710d0 Thread exited: 0x000001daf3c710d0
Event: 1003.218 Thread 0x000001daab7aace0 Thread added: 0x000001daf3c72c10
Event: 1003.218 Thread 0x000001daab7aace0 Thread added: 0x000001daf3c739b0
Event: 1008.293 Thread 0x000001daf3c739b0 Thread exited: 0x000001daf3c739b0
Event: 1008.444 Thread 0x000001daf3c72c10 Thread exited: 0x000001daf3c72c10
Event: 1019.126 Thread 0x000001dafbbd6440 Thread added: 0x000001dafbbd4a00
Event: 1019.127 Thread 0x000001dafbbd4a00 Thread exited: 0x000001dafbbd4a00
Event: 1019.132 Thread 0x000001dafbbd6440 Thread added: 0x000001dafbbd0ef0
Event: 1019.133 Thread 0x000001dafbbd0ef0 Thread added: 0x000001dafbbd5db0
Event: 1019.133 Thread 0x000001dafbbd0ef0 Thread added: 0x000001dafbbd1580
Event: 1019.133 Thread 0x000001dafbbd1580 Thread exited: 0x000001dafbbd1580
Event: 1019.134 Thread 0x000001dafbbd5db0 Thread exited: 0x000001dafbbd5db0
Event: 1019.134 Thread 0x000001dafbbd0ef0 Thread exited: 0x000001dafbbd0ef0


Dynamic libraries:
0x00007ff759ed0000 - 0x00007ff759ede000 	c:\Users\Sakshi Ladkat\.vscode\extensions\redhat.java-1.54.0-win32-x64\jre\21.0.10-win32-x86_64\bin\java.exe
0x00007ffa6e7f0000 - 0x00007ffa6e9e8000 	C:\Windows\SYSTEM32\ntdll.dll
0x00007ffa6c930000 - 0x00007ffa6c9f2000 	C:\Windows\System32\KERNEL32.DLL
0x00007ffa6be80000 - 0x00007ffa6c176000 	C:\Windows\System32\KERNELBASE.dll
0x00007ffa6c4f0000 - 0x00007ffa6c5f0000 	C:\Windows\System32\ucrtbase.dll
0x00007ffa3cd40000 - 0x00007ffa3cd58000 	c:\Users\Sakshi Ladkat\.vscode\extensions\redhat.java-1.54.0-win32-x64\jre\21.0.10-win32-x86_64\bin\jli.dll
0x00007ffa3ae60000 - 0x00007ffa3ae7e000 	c:\Users\Sakshi Ladkat\.vscode\extensions\redhat.java-1.54.0-win32-x64\jre\21.0.10-win32-x86_64\bin\VCRUNTIME140.dll
0x00007ffa6df50000 - 0x00007ffa6e0f1000 	C:\Windows\System32\USER32.dll
0x00007ffa6c220000 - 0x00007ffa6c242000 	C:\Windows\System32\win32u.dll
0x00007ffa51170000 - 0x00007ffa5140b000 	C:\Windows\WinSxS\amd64_microsoft.windows.common-controls_6595b64144ccf1df_6.0.19041.6456_none_60b8a6cb71f64256\COMCTL32.dll
0x00007ffa6ca00000 - 0x00007ffa6ca2b000 	C:\Windows\System32\GDI32.dll
0x00007ffa6de50000 - 0x00007ffa6deee000 	C:\Windows\System32\msvcrt.dll
0x00007ffa6c5f0000 - 0x00007ffa6c709000 	C:\Windows\System32\gdi32full.dll
0x00007ffa6c180000 - 0x00007ffa6c21d000 	C:\Windows\System32\msvcp_win.dll
0x00007ffa6d500000 - 0x00007ffa6d52f000 	C:\Windows\System32\IMM32.DLL
0x00007ffa56e40000 - 0x00007ffa56e4c000 	c:\Users\Sakshi Ladkat\.vscode\extensions\redhat.java-1.54.0-win32-x64\jre\21.0.10-win32-x86_64\bin\vcruntime140_1.dll
0x00007ffa2a2b0000 - 0x00007ffa2a33d000 	c:\Users\Sakshi Ladkat\.vscode\extensions\redhat.java-1.54.0-win32-x64\jre\21.0.10-win32-x86_64\bin\msvcp140.dll
0x00007ff9bfa50000 - 0x00007ff9c07f1000 	c:\Users\Sakshi Ladkat\.vscode\extensions\redhat.java-1.54.0-win32-x64\jre\21.0.10-win32-x86_64\bin\server\jvm.dll
0x00007ffa6e6f0000 - 0x00007ffa6e7a1000 	C:\Windows\System32\ADVAPI32.dll
0x00007ffa6dab0000 - 0x00007ffa6db4f000 	C:\Windows\System32\sechost.dll
0x00007ffa6e2a0000 - 0x00007ffa6e3c0000 	C:\Windows\System32\RPCRT4.dll
0x00007ffa6c250000 - 0x00007ffa6c277000 	C:\Windows\System32\bcrypt.dll
0x00007ffa6e100000 - 0x00007ffa6e16b000 	C:\Windows\System32\WS2_32.dll
0x00007ffa6bce0000 - 0x00007ffa6bd2b000 	C:\Windows\SYSTEM32\POWRPROF.dll
0x00007ffa51430000 - 0x00007ffa51457000 	C:\Windows\SYSTEM32\WINMM.dll
0x00007ffa60d80000 - 0x00007ffa60d8a000 	C:\Windows\SYSTEM32\VERSION.dll
0x00007ffa6bcc0000 - 0x00007ffa6bcd2000 	C:\Windows\SYSTEM32\UMPDC.dll
0x00007ffa6a650000 - 0x00007ffa6a662000 	C:\Windows\SYSTEM32\kernel.appcore.dll
0x00007ffa56df0000 - 0x00007ffa56dfa000 	c:\Users\Sakshi Ladkat\.vscode\extensions\redhat.java-1.54.0-win32-x64\jre\21.0.10-win32-x86_64\bin\jimage.dll
0x00007ffa66150000 - 0x00007ffa66351000 	C:\Windows\SYSTEM32\DBGHELP.DLL
0x00007ffa4ce30000 - 0x00007ffa4ce64000 	C:\Windows\SYSTEM32\dbgcore.DLL
0x00007ffa6c460000 - 0x00007ffa6c4e2000 	C:\Windows\System32\bcryptPrimitives.dll
0x00007ffa56830000 - 0x00007ffa5683f000 	c:\Users\Sakshi Ladkat\.vscode\extensions\redhat.java-1.54.0-win32-x64\jre\21.0.10-win32-x86_64\bin\instrument.dll
0x00007ffa3d3e0000 - 0x00007ffa3d400000 	c:\Users\Sakshi Ladkat\.vscode\extensions\redhat.java-1.54.0-win32-x64\jre\21.0.10-win32-x86_64\bin\java.dll
0x00007ffa6cd90000 - 0x00007ffa6d500000 	C:\Windows\System32\SHELL32.dll
0x00007ffa69e90000 - 0x00007ffa6a635000 	C:\Windows\SYSTEM32\windows.storage.dll
0x00007ffa6ca30000 - 0x00007ffa6cd84000 	C:\Windows\System32\combase.dll
0x00007ffa6b6f0000 - 0x00007ffa6b71b000 	C:\Windows\SYSTEM32\Wldp.dll
0x00007ffa6e5b0000 - 0x00007ffa6e67d000 	C:\Windows\System32\OLEAUT32.dll
0x00007ffa6e420000 - 0x00007ffa6e4cd000 	C:\Windows\System32\SHCORE.dll
0x00007ffa6e680000 - 0x00007ffa6e6db000 	C:\Windows\System32\shlwapi.dll
0x00007ffa6bdb0000 - 0x00007ffa6bdd4000 	C:\Windows\SYSTEM32\profapi.dll
0x00007ffa3cd00000 - 0x00007ffa3cd18000 	c:\Users\Sakshi Ladkat\.vscode\extensions\redhat.java-1.54.0-win32-x64\jre\21.0.10-win32-x86_64\bin\zip.dll
0x00007ffa565f0000 - 0x00007ffa56600000 	C:\Users\Sakshi Ladkat\.vscode\extensions\redhat.java-1.54.0-win32-x64\jre\21.0.10-win32-x86_64\bin\net.dll
0x00007ffa651c0000 - 0x00007ffa652ca000 	C:\Windows\SYSTEM32\WINHTTP.dll
0x00007ffa6b4d0000 - 0x00007ffa6b53a000 	C:\Windows\system32\mswsock.dll
0x00007ffa369d0000 - 0x00007ffa369e6000 	C:\Users\Sakshi Ladkat\.vscode\extensions\redhat.java-1.54.0-win32-x64\jre\21.0.10-win32-x86_64\bin\nio.dll
0x00007ffa564e0000 - 0x00007ffa564f0000 	c:\Users\Sakshi Ladkat\.vscode\extensions\redhat.java-1.54.0-win32-x64\jre\21.0.10-win32-x86_64\bin\verify.dll
0x00007ffa2f250000 - 0x00007ffa2f295000 	C:\Users\Sakshi Ladkat\AppData\Roaming\Code\User\globalStorage\redhat.java\1.54.0\config_win\org.eclipse.equinox.launcher\org.eclipse.equinox.launcher.win32.win32.x86_64_1.3.0.v20260203-2149\eclipse_11919.dll
0x00007ffa6e170000 - 0x00007ffa6e29b000 	C:\Windows\System32\ole32.dll
0x00007ffa6b730000 - 0x00007ffa6b748000 	C:\Windows\SYSTEM32\CRYPTSP.dll
0x00007ffa6ae10000 - 0x00007ffa6ae48000 	C:\Windows\system32\rsaenh.dll
0x00007ffa6bd70000 - 0x00007ffa6bd9e000 	C:\Windows\SYSTEM32\USERENV.dll
0x00007ffa6b660000 - 0x00007ffa6b66c000 	C:\Windows\SYSTEM32\CRYPTBASE.dll
0x00007ffa6b1d0000 - 0x00007ffa6b20b000 	C:\Windows\SYSTEM32\IPHLPAPI.DLL
0x00007ffa6db50000 - 0x00007ffa6db58000 	C:\Windows\System32\NSI.dll
0x00007ffa29b90000 - 0x00007ffa29bd9000 	C:\Users\Sakshi Ladkat\AppData\Local\Temp\jna-847609464\jna8781510684246227324.dll
0x00007ffa6e6e0000 - 0x00007ffa6e6e8000 	C:\Windows\System32\PSAPI.DLL
0x00007ffa61f50000 - 0x00007ffa61f67000 	C:\Windows\SYSTEM32\dhcpcsvc6.DLL
0x00007ffa61eb0000 - 0x00007ffa61ecd000 	C:\Windows\SYSTEM32\dhcpcsvc.DLL
0x00007ffa55d40000 - 0x00007ffa55d4e000 	C:\Users\Sakshi Ladkat\.vscode\extensions\redhat.java-1.54.0-win32-x64\jre\21.0.10-win32-x86_64\bin\sunmscapi.dll
0x00007ffa6c300000 - 0x00007ffa6c45d000 	C:\Windows\System32\CRYPT32.dll
0x00007ffa6b8b0000 - 0x00007ffa6b8d7000 	C:\Windows\SYSTEM32\ncrypt.dll
0x00007ffa6b870000 - 0x00007ffa6b8ab000 	C:\Windows\SYSTEM32\NTASN1.dll
0x00007ffa6b060000 - 0x00007ffa6b093000 	C:\Windows\SYSTEM32\ntmarta.dll
0x00007ffa6b210000 - 0x00007ffa6b2da000 	C:\Windows\SYSTEM32\DNSAPI.dll
0x00007ffa61dd0000 - 0x00007ffa61dda000 	C:\Windows\System32\rasadhlp.dll
0x00007ffa5f6e0000 - 0x00007ffa5f760000 	C:\Windows\System32\fwpuclnt.dll
0x00007ffa55720000 - 0x00007ffa55729000 	C:\Users\Sakshi Ladkat\.vscode\extensions\redhat.java-1.54.0-win32-x64\jre\21.0.10-win32-x86_64\bin\extnet.dll

JVMTI agents:
c:\Users\Sakshi Ladkat\.vscode\extensions\redhat.java-1.54.0-win32-x64\lombok\lombok-1.18.39-4050.jar path:c:\Users\Sakshi Ladkat\.vscode\extensions\redhat.java-1.54.0-win32-x64\jre\21.0.10-win32-x86_64\bin\instrument.dll, loaded, initialized, instrumentlib options:none

dbghelp: loaded successfully - version: 4.0.5 - missing functions: none
symbol engine: initialized successfully - sym options: 0x614 - pdb path: .;c:\Users\Sakshi Ladkat\.vscode\extensions\redhat.java-1.54.0-win32-x64\jre\21.0.10-win32-x86_64\bin;C:\Windows\SYSTEM32;C:\Windows\WinSxS\amd64_microsoft.windows.common-controls_6595b64144ccf1df_6.0.19041.6456_none_60b8a6cb71f64256;c:\Users\Sakshi Ladkat\.vscode\extensions\redhat.java-1.54.0-win32-x64\jre\21.0.10-win32-x86_64\bin\server;C:\Users\Sakshi Ladkat\AppData\Roaming\Code\User\globalStorage\redhat.java\1.54.0\config_win\org.eclipse.equinox.launcher\org.eclipse.equinox.launcher.win32.win32.x86_64_1.3.0.v20260203-2149;C:\Users\Sakshi Ladkat\AppData\Local\Temp\jna-847609464

VM Arguments:
jvm_args: --add-modules=ALL-SYSTEM --add-opens=java.base/java.util=ALL-UNNAMED --add-opens=java.base/java.lang=ALL-UNNAMED --add-opens=java.base/sun.nio.fs=ALL-UNNAMED -Declipse.application=org.eclipse.jdt.ls.core.id1 -Dosgi.bundles.defaultStartLevel=4 -Declipse.product=org.eclipse.jdt.ls.core.product -Djava.import.generatesMetadataFilesAtProjectRoot=false -DDetectVMInstallationsJob.disabled=true -Dfile.encoding=utf8 -XX:+UseParallelGC -XX:GCTimeRatio=4 -XX:AdaptiveSizePolicyWeight=90 -Dsun.zip.disableMemoryMapping=true -Xmx2G -Xms100m -Xlog:disable -javaagent:c:\Users\Sakshi Ladkat\.vscode\extensions\redhat.java-1.54.0-win32-x64\lombok\lombok-1.18.39-4050.jar -XX:+HeapDumpOnOutOfMemoryError -XX:HeapDumpPath=c:\Users\Sakshi Ladkat\AppData\Roaming\Code\User\workspaceStorage\6038008b0a44830878e37d458a5df29a\redhat.java -Daether.dependencyCollector.impl=bf 
java_command: c:\Users\Sakshi Ladkat\.vscode\extensions\redhat.java-1.54.0-win32-x64\server\plugins\org.eclipse.equinox.launcher_1.7.100.v20251111-0406.jar -configuration c:\Users\Sakshi Ladkat\AppData\Roaming\Code\User\globalStorage\redhat.java\1.54.0\config_win -data c:\Users\Sakshi Ladkat\AppData\Roaming\Code\User\workspaceStorage\6038008b0a44830878e37d458a5df29a\redhat.java\jdt_ws --pipe=\\.\pipe\lsp-8d8fccc72ac283f69b294cf4f271f6af-sock
java_class_path (initial): c:\Users\Sakshi Ladkat\.vscode\extensions\redhat.java-1.54.0-win32-x64\server\plugins\org.eclipse.equinox.launcher_1.7.100.v20251111-0406.jar
Launcher Type: SUN_STANDARD

[Global flags]
    uintx AdaptiveSizePolicyWeight                 = 90                                        {product} {command line}
     intx CICompilerCount                          = 4                                         {product} {ergonomic}
    uintx GCTimeRatio                              = 4                                         {product} {command line}
     bool HeapDumpOnOutOfMemoryError               = true                                   {manageable} {command line}
    ccstr HeapDumpPath                             = c:\Users\Sakshi Ladkat\AppData\Roaming\Code\User\workspaceStorage\6038008b0a44830878e37d458a5df29a\redhat.java         {manageable} {command line}
   size_t InitialHeapSize                          = 104857600                                 {product} {command line}
   size_t MaxHeapSize                              = 2147483648                                {product} {command line}
   size_t MaxNewSize                               = 715653120                                 {product} {ergonomic}
   size_t MinHeapDeltaBytes                        = 524288                                    {product} {ergonomic}
   size_t MinHeapSize                              = 104857600                                 {product} {command line}
   size_t NewSize                                  = 34603008                                  {product} {ergonomic}
    uintx NonNMethodCodeHeapSize                   = 5839372                                {pd product} {ergonomic}
    uintx NonProfiledCodeHeapSize                  = 122909434                              {pd product} {ergonomic}
   size_t OldSize                                  = 70254592                                  {product} {ergonomic}
    uintx ProfiledCodeHeapSize                     = 122909434                              {pd product} {ergonomic}
    uintx ReservedCodeCacheSize                    = 251658240                              {pd product} {ergonomic}
     bool SegmentedCodeCache                       = true                                      {product} {ergonomic}
   size_t SoftMaxHeapSize                          = 2147483648                             {manageable} {ergonomic}
     bool UseCompressedOops                        = true                           {product lp64_product} {ergonomic}
     bool UseLargePagesIndividualAllocation        = false                                  {pd product} {ergonomic}
     bool UseParallelGC                            = true                                      {product} {command line}

Logging:
Log output configuration:
 #0: stdout all=off uptime,level,tags foldmultilines=false
 #1: stderr all=off uptime,level,tags foldmultilines=false

Release file:
JAVA_VERSION="21.0.10" 
MODULES="java.base java.compiler java.datatransfer java.xml java.prefs java.desktop java.instrument java.logging java.management java.security.sasl java.naming java.rmi java.management.rmi java.net.http java.scripting java.security.jgss java.transaction.xa java.sql java.sql.rowset java.xml.crypto java.se java.smartcardio jdk.accessibility jdk.internal.jvmstat jdk.attach jdk.charsets jdk.internal.opt jdk.zipfs jdk.compiler jdk.crypto.ec jdk.crypto.cryptoki jdk.crypto.mscapi jdk.dynalink jdk.internal.ed jdk.editpad jdk.hotspot.agent jdk.httpserver jdk.internal.le jdk.internal.vm.ci jdk.internal.vm.compiler jdk.internal.vm.compiler.management jdk.jartool jdk.javadoc jdk.jcmd jdk.management jdk.management.agent jdk.jconsole jdk.jdeps jdk.jdwp.agent jdk.jdi jdk.jfr jdk.jshell jdk.jsobject jdk.jstatd jdk.localedata jdk.management.jfr jdk.naming.dns jdk.naming.rmi jdk.net jdk.nio.mapmode jdk.random jdk.sctp jdk.security.auth jdk.security.jgss jdk.unsupported jdk.unsupported.desktop jdk.xml.dom" 

Environment Variables:
JAVA_HOME=C:\Users\Sakshi Ladkat\jdk-25.0.1\bin
PATH=C:\Users\Sakshi Ladkat\AppData\Local\Programs\Microsoft VS Code;C:\Windows\system32;C:\Windows;C:\Windows\System32\Wbem;C:\Windows\System32\WindowsPowerShell\v1.0\;C:\Windows\System32\OpenSSH\;C:\Program Files\Git\cmd;C:\Program Files\GitHub CLI\;C:\composer;C:\Program Files\nodejs\;C:\Program Files\Docker\Docker\resources\bin;C:\Program Files\Go\bin;C:\Users\Sakshi Ladkat\jdk-25.0.1\bin\bin;C:\Windows\system32;C:\Windows;C:\Windows\System32\Wbem;C:\Windows\System32\WindowsPowerShell\v1.0\;C:\Windows\System32\OpenSSH\;C:\Program Files\Git\cmd;C:\Program Files\GitHub CLI\;C:\Program Files\MySQL\MySQL Shell 8.0\bin\;C:\Users\Sakshi Ladkat\AppData\Local\Programs\Python\Python313\Scripts\;C:\Users\Sakshi Ladkat\AppData\Local\Programs\Python\Python313\;C:\Users\Sakshi Ladkat\AppData\Local\Microsoft\WindowsApps;C:\Users\Sakshi Ladkat\AppData\Local\Programs\Microsoft VS Code\bin;C:\Program Files\MySQL\MySQL Server 8.0\bin;C:\Users\Sakshi Ladkat\jdk-25.0.1\bin;C:\Program Files\maven-mvnd-1.0.3-windows-amd64\bin;C:\Users\Sakshi Ladkat\miniconda3\Scripts;C:\Users\Sakshi Ladkat\miniconda3;TF_ENABLE_ONEDNN_OPTS=0;C:\php-8.5.1-nts-Win32-vs17-x64;C:\Users\Sakshi Ladkat\AppData\Roaming\Composer\vendor\bin;C:\Users\Sakshi Ladkat\AppData\Roaming\npm;C:\Users\Sakshi Ladkat\AppData\Local\Programs\Antigravity\bin;C:\Users\Sakshi Ladkat\go\bin;C:\Program Files\PostgreSQL\17\bin;C:\xampp\php;C:\xampp\php\pear;
USERNAME=Sakshi Ladkat
OS=Windows_NT
PROCESSOR_IDENTIFIER=Intel64 Family 6 Model 142 Stepping 12, GenuineIntel
TMP=C:\Users\SAKSHI~1\AppData\Local\Temp
TEMP=C:\Users\SAKSHI~1\AppData\Local\Temp




Periodic native trim disabled

---------------  S Y S T E M  ---------------

OS:
 Windows 10 , 64 bit Build 19041 (10.0.19041.5915)
OS uptime: 11 days 2:55 hours
Hyper-V role detected

CPU: total 8 (initial active 8) (4 cores per cpu, 2 threads per core) family 6 model 142 stepping 12 microcode 0xf0, cx8, cmov, fxsr, ht, mmx, 3dnowpref, sse, sse2, sse3, ssse3, sse4.1, sse4.2, popcnt, lzcnt, tsc, tscinvbit, avx, avx2, aes, erms, clmul, bmi1, bmi2, adx, fma, vzeroupper, clflush, clflushopt, hv, rdtscp, f16c
Processor Information for the first 8 processors :
  Max Mhz: 2112, Current Mhz: 1910, Mhz Limit: 1900

Memory: 4k page, system-wide physical 16198M (1919M free)
TotalPageFile size 20458M (AvailPageFile size 4M)
current process WorkingSet (physical memory assigned to process): 465M, peak: 561M
current process commit charge ("private bytes"): 629M, peak: 631M

vm_info: OpenJDK 64-Bit Server VM (21.0.10+7-LTS) for windows-amd64 JRE (21.0.10+7-LTS), built on 2026-01-20T00:00:00Z by "admin" with MS VC++ 17.12 (VS2022)

END.
