
  .   ____          _            __ _ _
 /\\ / ___'_ __ _ _(_)_ __  __ _ \ \ \ \
( ( )\___ | '_ | '_| | '_ \/ _` | \ \ \ \
 \\/  ___)| |_)| | | | | || (_| |  ) ) ) )
  '  |____| .__|_| |_|_| |_\__, | / / / /
 =========|_|==============|___/=/_/_/_/
 :: Spring Boot ::                (v3.2.1)

2026-03-30T14:58:38.727+05:30  INFO 82462 --- [FarmFeed] [           main] c.example.farmFeed.FarmFeedApplication   : Starting FarmFeedApplication using Java 17.0.18 with PID 82462 (/home/sanika-mahind/FarmFeed/farmFeed/target/farmfeed-1.0.0.jar started by sanika-mahind in /home/sanika-mahind/FarmFeed/farmFeed)
2026-03-30T14:58:38.731+05:30  INFO 82462 --- [FarmFeed] [           main] c.example.farmFeed.FarmFeedApplication   : No active profile set, falling back to 1 default profile: "default"
2026-03-30T14:58:40.913+05:30  WARN 82462 --- [FarmFeed] [           main] org.hibernate.orm.deprecation            : HHH90000025: MySQLDialect does not need to be specified explicitly using 'hibernate.dialect' (remove the property setting and it will be selected by default)
2026-03-30T14:58:43.439+05:30  WARN 82462 --- [FarmFeed] [           main] .s.s.UserDetailsServiceAutoConfiguration : 

Using generated security password: 1e8ca2a9-8e30-4187-9df0-24a779ec046b

This generated password is for development use only. Your security configuration must be updated before running your application in production.

2026-03-30T14:58:43.979+05:30  INFO 82462 --- [FarmFeed] [           main] c.example.farmFeed.FarmFeedApplication   : Started FarmFeedApplication in 5.681 seconds (process running for 6.154)
FarmFeed Started! Visit: http://localhost:8080
2026-03-30T15:00:40.011+05:30  INFO 82462 --- [FarmFeed] [nio-8080-exec-6] c.e.f.controller.ProductController       : Fetching all products
2026-03-30T15:00:40.027+05:30  INFO 82462 --- [FarmFeed] [nio-8080-exec-6] c.e.farmFeed.service.ProductService      : Fetching all products
2026-03-30T15:01:20.480+05:30  INFO 82462 --- [FarmFeed] [nio-8080-exec-9] c.e.f.controller.FarmerController        : Login attempt for phone: 9356678405
2026-03-30T15:01:20.483+05:30  INFO 82462 --- [FarmFeed] [nio-8080-exec-9] c.e.farmFeed.service.FarmerService       : Attempting login for phone: 9356678405
2026-03-30T15:01:20.544+05:30  WARN 82462 --- [FarmFeed] [nio-8080-exec-9] c.e.f.controller.FarmerController        : Login failed - invalid credentials for phone: 9356678405
2026-03-30T15:17:43.021+05:30  INFO 82462 --- [FarmFeed] [io-8080-exec-10] c.e.f.controller.ProductController       : Fetching all products
2026-03-30T15:17:43.024+05:30  INFO 82462 --- [FarmFeed] [io-8080-exec-10] c.e.farmFeed.service.ProductService      : Fetching all products
2026-03-30T15:18:01.252+05:30  INFO 82462 --- [FarmFeed] [nio-8080-exec-2] c.e.f.controller.ProductController       : Fetching all products
2026-03-30T15:18:01.255+05:30  INFO 82462 --- [FarmFeed] [nio-8080-exec-2] c.e.farmFeed.service.ProductService      : Fetching all products
2026-03-30T15:18:06.423+05:30  INFO 82462 --- [FarmFeed] [nio-8080-exec-3] c.e.f.controller.ProductController       : Fetching all products
2026-03-30T15:18:06.426+05:30  INFO 82462 --- [FarmFeed] [nio-8080-exec-3] c.e.farmFeed.service.ProductService      : Fetching all products
